[beautyring.info/index.html]
[beautyring.info/xmlrpc.php]
[backblue.gif]
[fade.gif]
[index.html]
[beautyring.info/wp-content/uploads/2023/04/beautyring.jpg]
[beautyring.info/wp-content/plugins/td-api-plugin/css/styleb6a4.css]
[beautyring.info/wp-content/plugins/td-newsletter/style00d1.css]
[beautyring.info/feed/index.html]
[beautyring.info/wp-content/themes/Newsmag/style00d1.css]
[beautyring.info/wp-content/plugins/td-composer/legacy/Newsmag/includes/demos/scandal/demo_style00d1.css]
[beautyring.info/wp-content/plugins/td-composer/legacy/Newsmag/assets/css/td_legacy_mainef70.css]
[beautyring.info/wp-includes/js/jquery/jquery.minf43b.js]
[beautyring.info/wp-includes/js/jquery/jquery-migrate.min5589.js]
[beautyring.info/wp-json/wp/v2/pages/113618.json]
[beautyring.info/xmlrpc0db0.php]
[beautyring.info/wp-json/index.html]
[beautyring.info/wp-json/oembed/1.0/embed1ce5.json]
[beautyring.info/wp-json/oembed/1.0/embed1b8d]
[beautyring.info/wp-content/uploads/2023/03/6.jpg]
[beautyring.info/wp-content/uploads/2023/04/beautyring-150x150.jpg]
[beautyring.info/wp-content/uploads/2023/04/beautyring-tr-logo.png.webp]
[beautyring.info/category/beauty/index.html]
[beautyring.info/category/movies/index.html]
[beautyring.info/category/books/index.html]
[beautyring.info/category/fashion/index.html]
[beautyring.info/wp-content/uploads/2023/04/beautyring-tr-logo.png]
[beautyring.info/wp-content/uploads/2023/03/vuga-media-banner-big.jpg]
[beautyring.info/beauty/tribute-space-keishas-korner-unveiled-at-salyersville-nursing-rehabilitation/index.html]
[beautyring.info/category/hotels/index.html]
[beautyring.info/books/when-death-picks-favorites-sheds-light-on-the-human-side-of-the-war/index.html]
[beautyring.info/wp-content/plugins/ewww-image-optimizer/includes/lazysizes.minc38d.js]
[beautyring.info/hotels/marriott-international-signs-agreement-with-zhong-an-commercial-group-to-bring-w-hotels-to-hangzhou/index.html]
[beautyring.info/fashion/genny-at-iff-porto-montenegro-2024/index.html]
[beautyring.info/fashion/davids-bridal-debuts-the-8-dress-edit-little-white-dress-collection/index.html]
[beautyring.info/beauty/face-yogi-updated-new-about-faceyogi-page-on-website-featuring-expert-introductions-faqs-and-video-demonstrations/index.html]
[beautyring.info/wp-content/plugins/wp-external-links/public/js/wpel-frontb6a4.js]
[beautyring.info/movies/robert-gillings-creator-of-paper-empire-shares-expert-opinion-on-bitcoin-crash-calling-it-the-leaderless-leader/index.html]
[beautyring.info/fashion/the-models-bootcamp-elevate-your-career-launches-first-ever-mission/index.html]
[beautyring.info/fashion/lena-erziak-fw25-during-paris-haute-couture-week/index.html]
[beautyring.info/fashion/robert-abi-nader-couture-fw25-during-paris-haute-couture-week/index.html]
[beautyring.info/wp-content/plugins/td-composer/legacy/Newsmag/js/tagdiv_theme.min00d1.js]
[beautyring.info/movies/meet-iconic-voice-star-david-kaye-this-weekend-at-uk-transformers-sci-fi-convention-tfnation/index.html]
[beautyring.info/movies/hip-hop-education-center-leads-the-way-for-community-archiving/index.html]
[beautyring.info/books/wesley-jusino-announces-the-upcoming-release-of-his-new-book-dangel/index.html]
[beautyring.info/wp-includes/js/comment-reply.minb6a4.js]
[beautyring.info/hotels/violet-sky-rooftop-lounge-announces-six-finalists-for-the-violet-sky-mural-project/index.html]
[beautyring.info/hotels/historic-inverness-denver-golf-course-celebrates-50th-anniversary-with-golf-shootout/index.html]
[beautyring.info/beauty/celebrating-black-business-month-lace-layers-journey-from-alopecia-to-nationwide-success/index.html]
[beautyring.info/hotels/diamondrock-hospitality-company-reports-second-quarter-2024-results/index.html]
[beautyring.info/cdn-cgi/scripts/7d0fa10a/cloudflare-static/rocket-loader.min.js]
[beautyring.info/index.html]
[beautyring.info/page/2/index.html]
[beautyring.info/xmlrpc.html]
[beautyring.info/wp-content/plugins/td-api-plugin/css/styleb6a4.css]
[beautyring.info/wp-content/plugins/td-newsletter/style00d1.css]
[beautyring.info/wp-content/themes/Newsmag/style00d1.css]
[beautyring.info/page/1835/index.html]
[beautyring.info/beauty/isilumko-staffing-celebrates-womens-month/index.html]
[beautyring.info/page/3/index.html]
[beautyring.info/wp-content/plugins/td-composer/legacy/Newsmag/assets/images/sprite/weather/clear-sky-d.png]
[beautyring.info/wp-content/plugins/td-composer/legacy/Newsmag/assets/images/sprite/weather/clear-sky-n.png]
[beautyring.info/wp-content/plugins/td-composer/legacy/Newsmag/assets/images/sprite/weather/few-clouds-d.png]
[beautyring.info/wp-content/plugins/td-composer/legacy/Newsmag/assets/images/sprite/weather/few-clouds-n.png]
[beautyring.info/wp-content/plugins/td-composer/legacy/Newsmag/assets/images/sprite/weather/scattered-clouds-d.png]
[beautyring.info/wp-content/plugins/td-composer/legacy/Newsmag/assets/images/sprite/weather/scattered-clouds-n.png]
[beautyring.info/wp-content/plugins/td-composer/legacy/Newsmag/assets/images/sprite/weather/broken-clouds-d.png]
[beautyring.info/wp-content/plugins/td-composer/legacy/Newsmag/assets/images/sprite/weather/broken-clouds-n.png]
[beautyring.info/wp-content/plugins/td-composer/legacy/Newsmag/assets/images/sprite/weather/shower-rain-d.png]
[beautyring.info/wp-content/plugins/td-composer/legacy/Newsmag/assets/images/sprite/weather/shower-rain-n.png]
[beautyring.info/wp-content/plugins/td-composer/legacy/Newsmag/assets/images/sprite/weather/rain-d.png]
[beautyring.info/wp-content/plugins/td-composer/legacy/Newsmag/assets/images/sprite/weather/rain-n.png]
[beautyring.info/wp-content/plugins/td-composer/legacy/Newsmag/assets/images/sprite/weather/thunderstorm.png]
[beautyring.info/wp-content/plugins/td-composer/legacy/Newsmag/assets/images/sprite/weather/snow-d.png]
[beautyring.info/wp-content/plugins/td-composer/legacy/Newsmag/assets/images/sprite/weather/snow-n.png]
[beautyring.info/wp-content/plugins/td-composer/legacy/Newsmag/assets/images/sprite/weather/mist.png]
[beautyring.info/wp-content/plugins/td-composer/assets/images/flags/flags.png]
[beautyring.info/wp-content/plugins/td-composer/legacy/Newsmag/assets/images/sprite/elements.png]
[beautyring.info/wp-content/plugins/td-composer/legacy/Newsmag/assets/images/icons/weatherc4ca.eot]
[beautyring.info/wp-content/plugins/td-composer/legacy/Newsmag/assets/images/icons/weatherc4ca.woff]
[beautyring.info/wp-content/plugins/td-composer/legacy/Newsmag/assets/images/icons/weatherc4ca.ttf]
[beautyring.info/wp-content/plugins/td-composer/legacy/Newsmag/assets/images/icons/weatherc4ca.svg]
[beautyring.info/wp-content/plugins/td-composer/legacy/Newsmag/assets/images/sprite/elements@2x.png]
[beautyring.info/wp-content/plugins/td-composer/legacy/Newsmag/assets/css/td_legacy_mainef70.css]
[beautyring.info/wp-content/plugins/td-composer/legacy/Newsmag/includes/demos/scandal/demo_style00d1.css]
[beautyring.info/wp-includes/js/jquery/jquery.minf43b.js]
[beautyring.info/wp-includes/js/jquery/jquery-migrate.min5589.js]
[beautyring.info/xmlrpc0db0.html]
[beautyring.info/wp-content/uploads/2023/03/6.html]
[beautyring.info/wp-json/wp/v2/categories/558.json]
[beautyring.info/category/beauty/feed/index.html]
[beautyring.info/category/beauty/page/2/index.html]
[beautyring.info/wp-content/uploads/2023/03/Borsalo-728-х-90-Майами.jpg]
[beautyring.info/category/beauty/indexdcac.html]
[beautyring.info/category/beauty/index6ca3.html]
[beautyring.info/category/beauty/index6fdd.html]
[beautyring.info/category/beauty/index8dd6.html]
[beautyring.info/wp-content/uploads/2023/03/Coolazer_long.jpg]
[beautyring.info/beauty/efe-glasses-announces-exciting-deals-for-august-8th-brand-event-day/index.html]
[beautyring.info/beauty/troitsk-by-zheyu-wang-wins-silver-in-a-jewelry-awards/index.html]
[beautyring.info/wp-content/plugins/featured-image-from-url/includes/html/js/json-ld9537.js]
[beautyring.info/category/beauty/index.html]
[beautyring.info/beauty/unveil-the-new-chapter-in-sexy-avidloves-9th-birthday-celebration-starts-now/index.html]
[beautyring.info/category/beauty/index5995.html]
[beautyring.info/beauty/iziks-steve-barber-shop-hicksvilles-premier-grooming-destination-celebrates-rave-reviews/index.html]
[beautyring.info/beauty/betty-laurent-photography-opens-new-studio-in-kauai/index.html]
[beautyring.info/beauty/weaver-clinics-celebrates-15-years-of-service/index.html]
[beautyring.info/wp-json/wp/v2/categories/548.json]
[beautyring.info/category/fashion/page/2/index.html]
[beautyring.info/category/beauty/page/467/index.html]
[beautyring.info/category/beauty/page/3/index.html]
[beautyring.info/category/fashion/feed/index.html]
[beautyring.info/wp-content/uploads/2023/03/Exorcist_Victoria_Unikel.jpg]
[beautyring.info/category/fashion/index.html]
[beautyring.info/category/fashion/index6fdd.html]
[beautyring.info/category/fashion/indexdcac.html]
[beautyring.info/category/fashion/index8dd6.html]
[beautyring.info/category/fashion/index6ca3.html]
[beautyring.info/fashion/maison-natan-couture-fw25-during-paris-haute-couture-week/index.html]
[beautyring.info/category/fashion/index5995.html]
[beautyring.info/fashion/ziad-nakad-fw25-during-paris-haute-couture-week/index.html]
[beautyring.info/wp-json/wp/v2/categories/563.json]
[beautyring.info/fashion/la-swim-week-powered-by-art-hearts-fashion-set-to-make-waves/index.html]
[beautyring.info/fashion/peet-dullaert-couture-fw25-during-paris-haute-couture-week/index.html]
[beautyring.info/fashion/aelis-couture-fw25-during-paris-haute-couture-week/index.html]
[beautyring.info/wp-content/uploads/2023/03/gossipstone-s.jpg]
[beautyring.info/category/fashion/page/3/index.html]
[beautyring.info/category/fashion/page/83/index.html]
[beautyring.info/category/movies/page/2/index.html]
[beautyring.info/category/movies/feed/index.html]
[beautyring.info/wp-content/uploads/2023/03/Emma_plus_Luke.jpg]
[beautyring.info/category/movies/index.html]
[beautyring.info/category/movies/indexdcac.html]
[beautyring.info/category/movies/index6ca3.html]
[beautyring.info/category/movies/index6fdd.html]
[beautyring.info/category/movies/index8dd6.html]
[beautyring.info/category/movies/index5995.html]
[beautyring.info/category/books/index.html]
[beautyring.info/wp-json/wp/v2/categories/553.json]
[beautyring.info/movies/screenwriter-timothy-mallon-tackles-mental-health-in-his-latest-film-run/index.html]
[beautyring.info/movies/revolutionizing-the-fast-channel-ecosystem-with-its-single-point-integrated-platform/index.html]
[beautyring.info/movies/former-nba-player-matt-barnes-pens-my-black-mark-in-advance-of-hollyshorts-film-festival/index.html]
[beautyring.info/movies/titan-os-partners-with-autentic-bringing-six-new-channels-to-its-free-offering/index.html]
[beautyring.info/wp-json/wp/v2/categories/564.json]
[beautyring.info/movies/hemp-oil-rockstar-relaunches-with-expanded-product-line-and-renewed-focus-on-customer-wellness/index.html]
[beautyring.info/movies/freestyle-digital-media-releases-rock-music-documentary-500-days-of-silence/index.html]
[beautyring.info/movies/a-new-film-about-young-runners-called-run-crew-gets-released-on-amazon-prime/index.html]
[beautyring.info/wp-content/uploads/2023/03/edison_logo_banner_blk_on_wht-1024x158.png]
[beautyring.info/category/hotels/index.html]
[beautyring.info/category/books/page/2/index.html]
[beautyring.info/category/movies/page/3/index.html]
[beautyring.info/category/movies/page/479/index.html]
[beautyring.info/category/books/feed/index.html]
[beautyring.info/beauty/tribute-space-keishas-korner-unveiled-at-salyersville-nursing-rehabilitation/index.html]
[beautyring.info/category/books/indexdcac.html]
[beautyring.info/books/when-death-picks-favorites-sheds-light-on-the-human-side-of-the-war/index.html]
[beautyring.info/category/books/index6ca3.html]
[beautyring.info/category/books/index6fdd.html]
[beautyring.info/hotels/marriott-international-signs-agreement-with-zhong-an-commercial-group-to-bring-w-hotels-to-hangzhou/index.html]
[beautyring.info/category/books/index8dd6.html]
[beautyring.info/beauty/face-yogi-updated-new-about-faceyogi-page-on-website-featuring-expert-introductions-faqs-and-video-demonstrations/index.html]
[beautyring.info/books/taboola-integrates-doubleverifys-authentic-mark/index.html]
[beautyring.info/fashion/genny-at-iff-porto-montenegro-2024/index.html]
[beautyring.info/category/books/index5995.html]
[beautyring.info/books/rising-demand-for-nutritious-and-sustainable-foods-fuels-sourdough-market-projected-to-reach-usd-411-2-million-by-2034/index.html]
[beautyring.info/fashion/davids-bridal-debuts-the-8-dress-edit-little-white-dress-collection/index.html]
[beautyring.info/books/global-mining-hose-market-to-reach-usd-837-mill/index.html]
[beautyring.info/fashion/the-models-bootcamp-elevate-your-career-launches-first-ever-mission/index.html]
[beautyring.info/books/orthopedic-implants-market-to-reach-76-4-billion-globally-by-2033-at-4-4-cagr-allied-market-research/index.html]
[beautyring.info/fashion/robert-abi-nader-couture-fw25-during-paris-haute-couture-week/index.html]
[beautyring.info/books/security-automation-market-to-reach-26-6-billion-globally-by-2032-at-12-2-cagr-allied-market-research/index.html]
[beautyring.info/books/medical-disposable-products-market-to-reach-857-0-billion-globally-by-2033-at-6-cagr-allied-market-research/index.html]
[beautyring.info/fashion/lena-erziak-fw25-during-paris-haute-couture-week/index.html]
[beautyring.info/books/global-vertical-turbine-pump-market-estimated-t/index.html]
[beautyring.info/movies/robert-gillings-creator-of-paper-empire-shares-expert-opinion-on-bitcoin-crash-calling-it-the-leaderless-leader/index.html]
[beautyring.info/books/organic-fertilizer-sales-in-north-america-to-so/index.html]
[beautyring.info/movies/meet-iconic-voice-star-david-kaye-this-weekend-at-uk-transformers-sci-fi-convention-tfnation/index.html]
[beautyring.info/category/books/page/526/index.html]
[beautyring.info/category/books/page/3/index.html]
[beautyring.info/movies/hip-hop-education-center-leads-the-way-for-community-archiving/index.html]
[beautyring.info/category/hotels/page/2/index.html]
[beautyring.info/books/wesley-jusino-announces-the-upcoming-release-of-his-new-book-dangel/index.html]
[beautyring.info/category/hotels/feed/index.html]
[beautyring.info/hotels/violet-sky-rooftop-lounge-announces-six-finalists-for-the-violet-sky-mural-project/index.html]
[beautyring.info/category/hotels/index6ca3.html]
[beautyring.info/hotels/historic-inverness-denver-golf-course-celebrates-50th-anniversary-with-golf-shootout/index.html]
[beautyring.info/category/hotels/index6fdd.html]
[beautyring.info/category/hotels/indexdcac.html]
[beautyring.info/hotels/diamondrock-hospitality-company-reports-second-quarter-2024-results/index.html]
[beautyring.info/category/hotels/index8dd6.html]
[beautyring.info/beauty/celebrating-black-business-month-lace-layers-journey-from-alopecia-to-nationwide-success/index.html]
[beautyring.info/category/hotels/index5995.html]
[beautyring.info/hotels/xenia-hotels-resorts-reports-second-quarter-2024-results/index.html]
[beautyring.info/beauty/isilumko-staffing-celebrates-womens-month/index.html]
[beautyring.info/hotels/hudini-enhances-guest-engagement-and-revenue-for-dukley-hotel-resort/index.html]
[beautyring.info/hotels/cutalong-golf-clubhouse-groundbreaking-marks-a-new-chapter-for-a-private-resort-community-at-lake-anna-va/index.html]
[beautyring.info/page/2/index.html]
[beautyring.info/hotels/atlas-ocean-voyages-introduces-2026-arctic-season/index.html]
[beautyring.info/hotels/moxy-hotels-channels-its-playful-spirit-in-chinas-mountain-city-with-opening-of-moxy-chongqing/index.html]
[beautyring.info/page/3/index.html]
[beautyring.info/hotels/hotel-yellowstone-opens-in-jackson-hole/index.html]
[beautyring.info/page/1835/index.html]
[beautyring.info/category/hotels/page/3/index.html]
[beautyring.info/wp-content/plugins/ewww-image-optimizer/includes/lazysizes.minc38d.js]
[beautyring.info/category/hotels/page/280/index.html]
[beautyring.info/2024/08/01/index.html]
[beautyring.info/wp-content/plugins/wp-external-links/public/js/wpel-frontb6a4.js]
[beautyring.info/2024/08/02/index.html]
[beautyring.info/2024/08/03/index.html]
[beautyring.info/2024/08/05/index.html]
[beautyring.info/2024/08/04/index.html]
[beautyring.info/window.location.href]
[beautyring.info/wp-content/plugins/td-composer/legacy/Newsmag/js/tagdiv_theme.min00d1.js]
[beautyring.info/wp-includes/js/comment-reply.minb6a4.js]
[beautyring.info/wp-content/plugins/td-composer/legacy/Newsmag/assets/images/icons/weatherc4ca.svg]
[beautyring.info/category/beauty/page/2/index.html]
[beautyring.info/category/beauty/index6fdd.html]
[beautyring.info/2024/08/06/index.html]
[beautyring.info/category/beauty/index6ca3.html]
[beautyring.info/2024/08/07/index.html]
[beautyring.info/2024/07/index.html]
[beautyring.info/category/beauty/page/2/index6fdd.html]
[beautyring.info/category/beauty/indexdcac.html]
[beautyring.info/beauty/sparkleap-leading-the-way-in-digital-excellence/index.html]
[beautyring.info/category/beauty/index8dd6.html]
[beautyring.info/beauty/timeline-nutrition-announced-as-platinum-sponsor-of-international-metabolic-health-day/index.html]
[beautyring.info/category/beauty/page/467/index6fdd.html]
[beautyring.info/category/beauty/page/3/index6fdd.html]
[beautyring.info/category/beauty/index5995.html]
[beautyring.info/beauty/sweetworldofnails-will-participate-in-salon-look-at-ifema-madrid/index.html]
[beautyring.info/beauty/troitsk-by-zheyu-wang-wins-silver-in-a-jewelry-awards/index.html]
[beautyring.info/beauty/parallel-health-launches-microbiome-dermatology-sprint-accelerator-to-pioneer-advanced-skin-health/index.html]
[beautyring.info/beauty/efe-glasses-announces-exciting-deals-for-august-8th-brand-event-day/index.html]
[beautyring.info/beauty/ageless-elegance-debut-of-revolutionary-pageant-celebrating-women-over-30/index.html]
[beautyring.info/beauty/salisbury-dentists-explain-how-to-find-the-best-family-dental-team/index.html]
[beautyring.info/beauty/unveil-the-new-chapter-in-sexy-avidloves-9th-birthday-celebration-starts-now/index.html]
[beautyring.info/beauty/hearing-aids-market-is-expected-to-reach-10-2-billion-marketsandmarkets/index.html]
[beautyring.info/beauty/betty-laurent-photography-opens-new-studio-in-kauai/index.html]
[beautyring.info/beauty/biodances-bio-collagen-real-deep-mask-proven-for-unique-pore-refining-effects-ranked-as-amazons-no-1-facial-mask/index.html]
[beautyring.info/beauty/iziks-steve-barber-shop-hicksvilles-premier-grooming-destination-celebrates-rave-reviews/index.html]
[beautyring.info/beauty/transform-your-style-and-confidence-with-wigstrends-latest-collection-of-luxurious-human-hair-wigs/index.html]
[beautyring.info/category/beauty/page/2/index6ca3.html]
[beautyring.info/beauty/weaver-clinics-celebrates-15-years-of-service/index.html]
[beautyring.info/category/beauty/page/3/index6ca3.html]
[beautyring.info/category/beauty/page/3/index.html]
[beautyring.info/category/beauty/page/8/index6ca3.html]
[beautyring.info/category/beauty/page/467/index.html]
[beautyring.info/beauty/storeautomator-announces-new-customer-mac-duggal/index.html]
[beautyring.info/beauty/discover-revenue-growth-management-excellence-at-the-epp-global-fmcg-cpg-revenue-growth-management-forum-2024/index.html]
[beautyring.info/beauty/manmade-kennels-proudly-presents-the-biggest-blue-nose-pitbulls-in-the-world/index.html]
[beautyring.info/beauty/integrating-dry-salt-therapy-with-transdermal-peptide-and-biohacking/index.html]
[beautyring.info/wp-content/plugins/featured-image-from-url/includes/html/js/json-ld9537.js]
[beautyring.info/beauty/launch-of-synapgen-transformational-coaching-qualifications/index.html]
[beautyring.info/beauty/importance-of-post-care-guidelines-for-magnetic-tattoo-removal/index.html]
[beautyring.info/category/fashion/page/2/index.html]
[beautyring.info/beauty/discover-vibrant-hair-with-colorlomos-new-color-maintenance-products/index.html]
[beautyring.info/category/fashion/index6fdd.html]
[beautyring.info/beauty/houston-dentist-highlights-how-sedation-dentistry-can-benefit-patients-with-dental-anxiety/index.html]
[beautyring.info/beauty/menage-total-launches-comprehensive-cleaning-services-and-expert-solutions-for-montreal-residents-and-businesses/index.html]
[beautyring.info/beauty/reaching-usd-26242-7-million-with-a-4-6-cagr/index.html]
[beautyring.info/cdn-cgi/l/email-protection.html]
[beautyring.info/category/beauty/page/2/index5995.html]
[beautyring.info/fashion/homolog-couture-fw25-during-paris-haute-couture-week/index.html]
[beautyring.info/cdn-cgi/scripts/5c5dd728/cloudflare-static/email-decode.min.js]
[beautyring.info/category/fashion/index6ca3.html]
[beautyring.info/category/beauty/page/467/index5995.html]
[beautyring.info/category/beauty/page/3/index5995.html]
[beautyring.info/category/fashion/page/3/index6fdd.html]
[beautyring.info/category/fashion/indexdcac.html]
[beautyring.info/category/fashion/page/2/index6fdd.html]
[beautyring.info/category/fashion/index8dd6.html]
[beautyring.info/fashion/alexandre-vauthier-haute-couture-fw22/index.html]
[beautyring.info/category/fashion/page/83/index6fdd.html]
[beautyring.info/category/fashion/index5995.html]
[beautyring.info/fashion/alain-leber-is-joining-ancient-greek-sandals-as-head-of-menswear-design/index.html]
[beautyring.info/fashion/julien-fournie-fw23-24-during-paris-couture-week/index.html]
[beautyring.info/fashion/ziad-nakad-fw25-during-paris-haute-couture-week/index.html]
[beautyring.info/fashion/u-s-polo-assn-outfits-usa-team-in-prestigious-westchester-cup-airing-on-espn-platforms/index.html]
[beautyring.info/fashion/simplyrfid-aims-eyewear-oms-selected-by-landa-eye-center-for-business-process-improvement/index.html]
[beautyring.info/fashion/maison-natan-couture-fw25-during-paris-haute-couture-week/index.html]
[beautyring.info/fashion/simplyrfid-to-demonstrate-groundbreaking-aims-eyewear-inventory-automation-system-at-vision-expo-in-las-vegas/index.html]
[beautyring.info/fashion/peet-dullaert-couture-fw25-during-paris-haute-couture-week/index.html]
[beautyring.info/fashion/marge-carson-resumes-manufacturing-will-reenter-casegoods-market/index.html]
[beautyring.info/fashion/aelis-couture-fw25-during-paris-haute-couture-week/index.html]
[beautyring.info/fashion/walter-van-beirendonck-ss23-paris-fashion-week/index.html]
[beautyring.info/fashion/la-swim-week-powered-by-art-hearts-fashion-set-to-make-waves/index.html]
[beautyring.info/fashion/stephane-rolland-fw23-24-during-paris-couture-week/index.html]
[beautyring.info/fashion/the-hottest-fashion-trends-from-paraiso-miami-swim-week-2023/index.html]
[beautyring.info/category/fashion/page/3/index.html]
[beautyring.info/category/fashion/page/2/index6ca3.html]
[beautyring.info/category/fashion/page/83/index.html]
[beautyring.info/category/fashion/page/3/index6ca3.html]
[beautyring.info/fashion/lena-erziak-ss-2024-during-paris-haute-couture-week/index.html]
[beautyring.info/category/fashion/page/9/index6ca3.html]
[beautyring.info/category/movies/page/2/index.html]
[beautyring.info/fashion/art-gall-expo-and-originally-crafted-events-at-nyfw/index.html]
[beautyring.info/category/movies/index6fdd.html]
[beautyring.info/fashion/simplyrfid-brings-rain-rfid-roi-to-the-nrf-big-show/index.html]
[beautyring.info/category/movies/index6ca3.html]
[beautyring.info/fashion/wedding-dress-brand-essense-of-australia-delivers-a-love-like-this-in-new-collection/index.html]
[beautyring.info/fashion/inf-presented-ss22-collection-for-nyfw-2021/index.html]
[beautyring.info/category/movies/indexdcac.html]
[beautyring.info/fashion/show-imane-ayissi-haute-couture-fw-22-23/index.html]
[beautyring.info/category/movies/index8dd6.html]
[beautyring.info/fashion/mark-kenly-domino-tan-aw24-during-copenhagen-fashion-week/index.html]
[beautyring.info/category/movies/index5995.html]
[beautyring.info/fashion/paraiso-miami-beach-celebrates-20-years-in-style/index.html]
[beautyring.info/fashion/haute-couture-the-mind-vaccine-rvdk-wardrobe-14/index.html]
[beautyring.info/movies/screenwriter-timothy-mallon-tackles-mental-health-in-his-latest-film-run/index.html]
[beautyring.info/fashion/lululemon-partners-with-nedap-to-advance-rfid-technology-across-stores-globally/index.html]
[beautyring.info/movies/former-nba-player-matt-barnes-pens-my-black-mark-in-advance-of-hollyshorts-film-festival/index.html]
[beautyring.info/category/fashion/page/2/index5995.html]
[beautyring.info/movies/revolutionizing-the-fast-channel-ecosystem-with-its-single-point-integrated-platform/index.html]
[beautyring.info/category/fashion/page/83/index5995.html]
[beautyring.info/category/fashion/page/3/index5995.html]
[beautyring.info/movies/titan-os-partners-with-autentic-bringing-six-new-channels-to-its-free-offering/index.html]
[beautyring.info/category/movies/page/2/index6fdd.html]
[beautyring.info/movies/freestyle-digital-media-releases-rock-music-documentary-500-days-of-silence/index.html]
[beautyring.info/category/movies/page/3/index6fdd.html]
[beautyring.info/movies/hemp-oil-rockstar-relaunches-with-expanded-product-line-and-renewed-focus-on-customer-wellness/index.html]
[beautyring.info/category/movies/page/479/index6fdd.html]
[beautyring.info/movies/a-new-film-about-young-runners-called-run-crew-gets-released-on-amazon-prime/index.html]
[beautyring.info/movies/fx-to-transport-fans-into-immersive-show-worlds-between-day-and-night-at-san-diego-comic-con-2023/index.html]
[beautyring.info/movies/indignor-house-publishing-is-proud-to-announce-our-annual-writing-competition-for-students-up-through-high-school/index.html]
[beautyring.info/category/movies/page/3/index.html]
[beautyring.info/movies/napoleon-dynamite-reunion-and-online-watchalong-screening-with-jon-heder-and-efren-ramirez/index.html]
[beautyring.info/category/movies/page/479/index.html]
[beautyring.info/movies/an-exclusive-interview-with-diego-boneta-on-gossip-stone-tv/index.html]
[beautyring.info/movies/heistheartist-takes-a-cinematic-approach-on-dreaming-in-emerald-city-ep/index.html]
[beautyring.info/movies/womens-image-network-announces-honorees-nominees/index.html]
[beautyring.info/category/books/page/2/index.html]
[beautyring.info/movies/country-music-artist-chris-chitsey-reaches-every-small-town-across-the-world/index.html]
[beautyring.info/category/books/index6fdd.html]
[beautyring.info/movies/debbie-wingham-announcing-first-episode-on-gossip-stone-tv/index.html]
[beautyring.info/category/books/index6ca3.html]
[beautyring.info/movies/entertainment-presario-lamont-renzo-bracy-talks-50th-anniversary-of-hip-hop-and-release-of-new-single-lost-4-tonight/index.html]
[beautyring.info/category/movies/page/2/index6ca3.html]
[beautyring.info/category/books/indexdcac.html]
[beautyring.info/category/movies/page/3/index6ca3.html]
[beautyring.info/category/books/index8dd6.html]
[beautyring.info/category/movies/page/11/index6ca3.html]
[beautyring.info/category/books/index5995.html]
[beautyring.info/movies/former-senator-john-moorlach-co-hosts-new-oc-history-hunters-program/index.html]
[beautyring.info/movies/house-of-the-dragon-collectibles-announced-by-factory-entertainment/index.html]
[beautyring.info/books/taboola-integrates-doubleverifys-authentic-mark/index.html]
[beautyring.info/movies/panavision-sponsors-city-of-angels-womens-film-festival-with-15k-camera-package-for-winning-filmmaker/index.html]
[beautyring.info/books/rising-demand-for-nutritious-and-sustainable-foods-fuels-sourdough-market-projected-to-reach-usd-411-2-million-by-2034/index.html]
[beautyring.info/movies/the-wingfeather-saga-season-2-set-to-release-april-5-2024/index.html]
[beautyring.info/books/global-mining-hose-market-to-reach-usd-837-mill/index.html]
[beautyring.info/movies/diane-peterson-renowned-stuntwoman-author-wins-best-of-los-angeles-award-best-beach-read-2023/index.html]
[beautyring.info/movies/the-megaro-rooms-from-outer-space/index.html]
[beautyring.info/books/orthopedic-implants-market-to-reach-76-4-billion-globally-by-2033-at-4-4-cagr-allied-market-research/index.html]
[beautyring.info/movies/summer-reading-fiction-book-learning-to-swim-contains-laughs-for-the-sandwich-generation/index.html]
[beautyring.info/books/medical-disposable-products-market-to-reach-857-0-billion-globally-by-2033-at-6-cagr-allied-market-research/index.html]
[beautyring.info/movies/global-womens-empowerment-network-gwen-global/index.html]
[beautyring.info/books/security-automation-market-to-reach-26-6-billion-globally-by-2032-at-12-2-cagr-allied-market-research/index.html]
[beautyring.info/movies/women-of-watts-and-beyond-joins-bet-awards-weekend-events-lineup-with-its-20th-annual-stop-the-violence-march/index.html]
[beautyring.info/movies/e-uscito-lalbum-superliminale-di-gianluca-testa/index.html]
[beautyring.info/books/global-vertical-turbine-pump-market-estimated-t/index.html]
[beautyring.info/category/movies/page/2/index5995.html]
[beautyring.info/books/organic-fertilizer-sales-in-north-america-to-so/index.html]
[beautyring.info/category/movies/page/3/index5995.html]
[beautyring.info/category/books/page/3/index.html]
[beautyring.info/category/movies/page/479/index5995.html]
[beautyring.info/category/books/page/2/index6fdd.html]
[beautyring.info/category/books/page/526/index.html]
[beautyring.info/category/books/page/3/index6fdd.html]
[beautyring.info/category/hotels/page/2/index.html]
[beautyring.info/category/books/page/526/index6fdd.html]
[beautyring.info/category/hotels/index6fdd.html]
[beautyring.info/books/stanislav-kondrashov-has-released-an-article-titled-culinary-treasures-of-the-amazon-rainforest/index.html]
[beautyring.info/books/board-game-that-challenges-outdated-concepts-transmitted-by-monopoly/index.html]
[beautyring.info/category/hotels/index6ca3.html]
[beautyring.info/books/announcing-the-launch-of-the-indiegogo-campaign-for-mastering-the-art-of-cocktails/index.html]
[beautyring.info/category/hotels/indexdcac.html]
[beautyring.info/books/2023-los-angeles-festival-of-books-presents-the-interrupted-traveler-by-a-d-plautz/index.html]
[beautyring.info/books/baby-sleepwear-market-to-reach-60-5-billion-globally-by-2032-at-4-6-cagr-allied-market-research/index.html]
[beautyring.info/category/hotels/index8dd6.html]
[beautyring.info/books/this-book-is-creating-a-buzz-and-sparking-intense-discussions/index.html]
[beautyring.info/category/hotels/index5995.html]
[beautyring.info/books/enteric-softgel-capsules-market-to-reach-3-5-billion-globally-by-2032/index.html]
[beautyring.info/hotels/xenia-hotels-resorts-reports-second-quarter-2024-results/index.html]
[beautyring.info/books/telf-ag-published-a-report-analyzing-the-challenges-and-price-trends-in-chinas-manganese-ore-market/index.html]
[beautyring.info/books/paul-wennersberg-lovholen-unleashes-hilarious-new-childrens-chapter-book-zombies-ate-my-homework/index.html]
[beautyring.info/hotels/hudini-enhances-guest-engagement-and-revenue-for-dukley-hotel-resort/index.html]
[beautyring.info/category/books/page/2/index6ca3.html]
[beautyring.info/hotels/cutalong-golf-clubhouse-groundbreaking-marks-a-new-chapter-for-a-private-resort-community-at-lake-anna-va/index.html]
[beautyring.info/category/books/page/3/index6ca3.html]
[beautyring.info/hotels/atlas-ocean-voyages-introduces-2026-arctic-season/index.html]
[beautyring.info/category/books/page/10/index6ca3.html]
[beautyring.info/books/best-selling-author-brian-leslie-releases-newest-action-thriller-novel-spy-story/index.html]
[beautyring.info/hotels/moxy-hotels-channels-its-playful-spirit-in-chinas-mountain-city-with-opening-of-moxy-chongqing/index.html]
[beautyring.info/books/bitter-or-better-by-melisa-schonfield/index.html]
[beautyring.info/hotels/hotel-yellowstone-opens-in-jackson-hole/index.html]
[beautyring.info/books/author-deb-carverowens-has-launched-kickstarter-project-to-create-audiobooks/index.html]
[beautyring.info/category/hotels/page/3/index.html]
[beautyring.info/books/how-to-work-smarter-not-harder-with-artificial-intelligence/index.html]
[beautyring.info/books/bethany-jones-announces-her-virtues-of-love-collection-with-once-upon-a-heartache-and-her-upcoming-new-book-release/index.html]
[beautyring.info/category/hotels/page/280/index.html]
[beautyring.info/books/a-new-choice-for-urban-travel-a-balanced-blend-of-technology-and-convenience/index.html]
[beautyring.info/2024/08/01/index.html]
[beautyring.info/books/matt-snyder-attains-amazon-best-seller-status-with-empathy-and-understanding-in-business-co-authored-with-chris-voss/index.html]
[beautyring.info/2024/08/02/index.html]
[beautyring.info/books/the-untold-story-of-bernie-madoffs-life-and-crimes-featured-on-this-weeks-monday-morning-radio-business-podcast/index.html]
[beautyring.info/books/leading-the-way-as-philippines-govt-fulfils-all-nmc-gazette-criteria/index.html]
[beautyring.info/2024/08/03/index.html]
[beautyring.info/books/pittsburgh-author-and-florida-singer-songwriter-team-up-to-celebrate-jimmy-buffetts-legacy-with-book-and-album-release/index.html]
[beautyring.info/2024/08/04/index.html]
[beautyring.info/category/books/page/2/index5995.html]
[beautyring.info/2024/08/05/index.html]
[beautyring.info/category/books/page/3/index5995.html]
[beautyring.info/category/books/page/526/index5995.html]
[beautyring.info/2024/08/06/index.html]
[beautyring.info/category/hotels/page/2/index6fdd.html]
[beautyring.info/2024/08/07/index.html]
[beautyring.info/category/hotels/page/3/index6fdd.html]
[beautyring.info/2024/07/index.html]
[beautyring.info/hotels/blue-water-assumes-management-of-moon-river-ranch-tx/index.html]
[beautyring.info/category/hotels/page/280/index6fdd.html]
[beautyring.info/hotels/pints-plays-and-points-marriott-bonvoy-and-marr/index.html]
[beautyring.info/window.location.html]
[beautyring.info/hotels/margaritaville-beach-resort-ambergris-caye-belize-hosts-grand-opening-ceremony/index.html]
[beautyring.info/category/beauty/page/2/index6fdd.html]
[beautyring.info/hotels/strategic-solution-partners-expands-its-consulting-team-to-add-new-skill-sets/index.html]
[beautyring.info/hotels/whimstay-the-leading-last-minute-vacation-rental-marketplace-raises-10-million-in-equity/index.html]
[beautyring.info/category/beauty/page/3/index6fdd.html]
[beautyring.info/hotels/bnbfinder-expands-the-book-direct-experience-to-escapia-vacation-rental-property-managers/index.html]
[beautyring.info/category/beauty/page/467/index6fdd.html]
[beautyring.info/hotels/father-files-lawsuit-against-moody-gardens-over-sons-death/index.html]
[beautyring.info/beauty/timeline-nutrition-announced-as-platinum-sponsor-of-international-metabolic-health-day/index.html]
[beautyring.info/hotels/hotels-cleveland-among-priciest-cities-in-the-u-s-for-hotel-stays/index.html]
[beautyring.info/hotels/commonwealth-hotels-appoints-joe-cargo-as-general-manager-of-the-aloft-knoxville-west/index.html]
[beautyring.info/beauty/sparkleap-leading-the-way-in-digital-excellence/index.html]
[beautyring.info/category/hotels/page/2/index6ca3.html]
[beautyring.info/beauty/sweetworldofnails-will-participate-in-salon-look-at-ifema-madrid/index.html]
[beautyring.info/category/hotels/page/3/index6ca3.html]
[beautyring.info/beauty/ageless-elegance-debut-of-revolutionary-pageant-celebrating-women-over-30/index.html]
[beautyring.info/category/hotels/page/7/index6ca3.html]
[beautyring.info/hotels/evermore-orlando-resort-releases-first-look-exclusive-images-and-announces-official-opening-date-monday-january-1-2024/index.html]
[beautyring.info/beauty/parallel-health-launches-microbiome-dermatology-sprint-accelerator-to-pioneer-advanced-skin-health/index.html]
[beautyring.info/hotels/embark-on-a-first-of-its-kind-luxury-journey-to-the-arctic-this-summer/index.html]
[beautyring.info/hotels/marriott-bonvoy-expands-with-integration-of-city-express-by-marriott/index.html]
[beautyring.info/beauty/salisbury-dentists-explain-how-to-find-the-best-family-dental-team/index.html]
[beautyring.info/hotels/extended-stay-america-announces-new-promotion-for-national-moving-month/index.html]
[beautyring.info/hotels/fairfield-inn-suites-charlotte-university-research-park-welcomes-summer-travelers/index.html]
[beautyring.info/beauty/hearing-aids-market-is-expected-to-reach-10-2-billion-marketsandmarkets/index.html]
[beautyring.info/hotels/ultimate-jet-vacations-appoints-david-solis-as-head-of-business-development/index.html]
[beautyring.info/beauty/biodances-bio-collagen-real-deep-mask-proven-for-unique-pore-refining-effects-ranked-as-amazons-no-1-facial-mask/index.html]
[beautyring.info/hotels/ihg-one-rewards-mobile-app-redefining-travel-through-technology/index.html]
[beautyring.info/beauty/transform-your-style-and-confidence-with-wigstrends-latest-collection-of-luxurious-human-hair-wigs/index.html]
[beautyring.info/hotels/royal-commission-for-alula-grows-its-portfolio-of-hospitality-offerings-with-plans-for-azulik-alula-a-new-eco-luxury-resort/index.html]
[beautyring.info/category/beauty/page/2/index6ca3.html]
[beautyring.info/hotels/roomza-announces-opening-of-roomza-new-orleans-at-melrose-mansion/index.html]
[beautyring.info/category/hotels/page/2/index5995.html]
[beautyring.info/category/beauty/page/3/index6ca3.html]
[beautyring.info/category/hotels/page/3/index5995.html]
[beautyring.info/category/beauty/page/8/index6ca3.html]
[beautyring.info/category/hotels/page/280/index5995.html]
[beautyring.info/beauty/storeautomator-announces-new-customer-mac-duggal/index.html]
[beautyring.info/2024/index.html]
[beautyring.info/2024/08/01/page/2/index.html]
[beautyring.info/beauty/discover-revenue-growth-management-excellence-at-the-epp-global-fmcg-cpg-revenue-growth-management-forum-2024/index.html]
[beautyring.info/2024/08/index.html]
[beautyring.info/beauty/manmade-kennels-proudly-presents-the-biggest-blue-nose-pitbulls-in-the-world/index.html]
[beautyring.info/movies/miss-usa-and-miss-teen-usa-announce-hosts-and-judge-lineup-ahead-of-2024-pageants-as-they-return-to-los-angeles/index.html]
[beautyring.info/beauty/integrating-dry-salt-therapy-with-transdermal-peptide-and-biohacking/index.html]
[beautyring.info/hotels/sabre-hospitality-extends-long-term-relationship-with-wyndham-hotels-resorts/index.html]
[beautyring.info/beauty/rohrer-aesthetics-launches-new-clinical-training-webinar-series/index.html]
[beautyring.info/beauty/launch-of-synapgen-transformational-coaching-qualifications/index.html]
[beautyring.info/hotels/allegiant-announces-strategic-review-of-sunseeker-resort/index.html]
[beautyring.info/beauty/importance-of-post-care-guidelines-for-magnetic-tattoo-removal/index.html]
[beautyring.info/movies/suntone-records-elevates-americana-music-with-kiley-barwick-and-downtown-nowhere/index.html]
[beautyring.info/beauty/discover-vibrant-hair-with-colorlomos-new-color-maintenance-products/index.html]
[beautyring.info/hotels/the-cosmopolitan-of-las-vegas-now-integrated-into-mgm-rewards-loyalty-program/index.html]
[beautyring.info/beauty/serenite-wellness-medicine-launches-cutting-edge-corporate-wellness-services/index.html]
[beautyring.info/beauty/houston-dentist-highlights-how-sedation-dentistry-can-benefit-patients-with-dental-anxiety/index.html]
[beautyring.info/books/medical-device-analytical-testing-outsourcing-m/index.html]
[beautyring.info/beauty/menage-total-launches-comprehensive-cleaning-services-and-expert-solutions-for-montreal-residents-and-businesses/index.html]
[beautyring.info/hotels/alyeska-resort-in-travel-leisures-worlds-best-awards-15-favorite-resorts-in-the-west-of-2024/index.html]
[beautyring.info/beauty/reaching-usd-26242-7-million-with-a-4-6-cagr/index.html]
[beautyring.info/movies/lingerie-fighting-championships-help-fulfill-death-bed-promise-with-first-major-motion-picture/index.html]
[beautyring.info/2024/08/01/page/3/index.html]
[beautyring.info/category/beauty/page/2/index5995.html]
[beautyring.info/2024/08/01/page/5/index.html]
[beautyring.info/category/beauty/page/3/index5995.html]
[beautyring.info/2024/08/02/page/2/index.html]
[beautyring.info/category/beauty/page/467/index5995.html]
[beautyring.info/beauty/unlock-amazon-sales-with-ai-driven-brand-awareness-strategies-for-success/index.html]
[beautyring.info/hotels/sp-global-ranks-sands-china-in-top-1-for-esg-performanceusa-englishapac-englishapac-traditional-chinese/index.html]
[beautyring.info/fashion/homolog-couture-fw25-during-paris-haute-couture-week/index.html]
[beautyring.info/movies/freestyle-digital-media-releases-irish-dark-comedy-the-highest-brasil/index.html]
[beautyring.info/category/fashion/page/2/index6fdd.html]
[beautyring.info/books/introducing-samsons-shadow-by-ernest-w-cockrell/index.html]
[beautyring.info/category/fashion/page/3/index6fdd.html]
[beautyring.info/beauty/thomas-family-essentials-llc-unveils-trendy-new-female-fashion-line/index.html]
[beautyring.info/movies/beta-media-and-aeon-entertainment-sign-a-joint-venture-investing-more-than-200-million-usd-in-vietnams-cinema-market/index.html]
[beautyring.info/category/fashion/page/83/index6fdd.html]
[beautyring.info/books/introducing-a-masterpiece-of-self-discovery/index.html]
[beautyring.info/fashion/alexandre-vauthier-haute-couture-fw22/index.html]
[beautyring.info/movies/award-winning-author-sets-multi-state-book-tour/index.html]
[beautyring.info/beauty/pathformance-announces-amazon-measurement-and-analytics/index.html]
[beautyring.info/fashion/alain-leber-is-joining-ancient-greek-sandals-as-head-of-menswear-design/index.html]
[beautyring.info/books/the-reverend-ernest-w-cockrell-unleashes-a-profound/index.html]
[beautyring.info/fashion/julien-fournie-fw23-24-during-paris-couture-week/index.html]
[beautyring.info/2024/08/02/page/3/index.html]
[beautyring.info/fashion/u-s-polo-assn-outfits-usa-team-in-prestigious-westchester-cup-airing-on-espn-platforms/index.html]
[beautyring.info/2024/08/03/page/2/index.html]
[beautyring.info/2024/08/02/page/5/index.html]
[beautyring.info/fashion/simplyrfid-aims-eyewear-oms-selected-by-landa-eye-center-for-business-process-improvement/index.html]
[beautyring.info/beauty/how-to-change-up-skin-care-routines-this-fall-depending-on-various-skin-types/index.html]
[beautyring.info/fashion/simplyrfid-to-demonstrate-groundbreaking-aims-eyewear-inventory-automation-system-at-vision-expo-in-las-vegas/index.html]
[beautyring.info/books/payroll-card-market-to-reach-981-4-billion-globally-by-2032-at-17-9-cagr-allied-market-research/index.html]
[beautyring.info/fashion/marge-carson-resumes-manufacturing-will-reenter-casegoods-market/index.html]
[beautyring.info/movies/top-mobile-app-development-companies-in-usa/index.html]
[beautyring.info/beauty/ein-pionier-der-naturkosmetik-rein-echt-naturlich-mehr-braucht-es-nicht/index.html]
[beautyring.info/cdn-cgi/l/email-protection.html]
[beautyring.info/books/underground-electric-construction-equipment-market-to-reach-16-3-billion-globally-by-2032-at-15-3-cagr-allied-market-research/index.html]
[beautyring.info/fashion/stephane-rolland-fw23-24-during-paris-couture-week/index.html]
[beautyring.info/movies/props-costumes-from-80s-90s-cinema-classics-to-be-sold-as-part-of-los-angeles-memorabilia-auction-next-month/index.html]
[beautyring.info/fashion/walter-van-beirendonck-ss23-paris-fashion-week/index.html]
[beautyring.info/beauty/phountain-phresh-water-filtration-system-introduces-groundbreaking-whole-home-water-filter-to-improve-water-quality/index.html]
[beautyring.info/books/green-fertilizer-market-is-anticipated-to-rise-at-4-5-cagr-during-forecast-period-by-2034/index.html]
[beautyring.info/fashion/the-hottest-fashion-trends-from-paraiso-miami-swim-week-2023/index.html]
[beautyring.info/movies/triple-g-ventures-partners-with-musio-and-cinesamples-to-transform-music-creation/index.html]
[beautyring.info/beauty/omni-biotic-us-introduces-omni-biotic-power-a-new-performance-probiotic/index.html]
[beautyring.info/category/fashion/page/2/index6ca3.html]
[beautyring.info/2024/08/03/page/4/index.html]
[beautyring.info/category/fashion/page/3/index6ca3.html]
[beautyring.info/2024/08/03/page/3/index.html]
[beautyring.info/category/fashion/page/9/index6ca3.html]
[beautyring.info/beauty/from-start-up-to-shaving-empire-eric-malkas-new-business-memoir-reveals-all/index.html]
[beautyring.info/2024/08/04/page/2/index.html]
[beautyring.info/books/what-a-finish-what-a-start-unveiling-the-true-last-days-of-christ/index.html]
[beautyring.info/fashion/lena-erziak-ss-2024-during-paris-haute-couture-week/index.html]
[beautyring.info/movies/dont-let-it-drag-you-down/index.html]
[beautyring.info/fashion/art-gall-expo-and-originally-crafted-events-at-nyfw/index.html]
[beautyring.info/beauty/texasprepaidlights-com-reliable-and-affordable-prepaid-electricity-solutions-in-texas/index.html]
[beautyring.info/books/tempted-by-love-a-may-december-romance-with-garcelle-beauvais-in-select-theaters-august-9/index.html]
[beautyring.info/fashion/simplyrfid-brings-rain-rfid-roi-to-the-nrf-big-show/index.html]
[beautyring.info/movies/south-shores-detox-expands-accredited-addiction-treatment-services-in-orange-county/index.html]
[beautyring.info/fashion/inf-presented-ss22-collection-for-nyfw-2021/index.html]
[beautyring.info/beauty/crixeo-pizza-empowers-independent-pizzerias-to-dominate-local-markets-and-crush-the-competition/index.html]
[beautyring.info/fashion/wedding-dress-brand-essense-of-australia-delivers-a-love-like-this-in-new-collection/index.html]
[beautyring.info/movies/music-director-s-j-jananiy-lends-her-talents-to-new-international-feature-film-rail/index.html]
[beautyring.info/beauty/orthodontist-in-allentown-exeter-smiles-enhances-orthodontic-care-with-ai-technology/index.html]
[beautyring.info/fashion/show-imane-ayissi-haute-couture-fw-22-23/index.html]
[beautyring.info/books/dr-ali-r-rahimi-explores-democracy-and-justice-in-new-books/index.html]
[beautyring.info/fashion/mark-kenly-domino-tan-aw24-during-copenhagen-fashion-week/index.html]
[beautyring.info/2024/08/04/page/3/index.html]
[beautyring.info/fashion/paraiso-miami-beach-celebrates-20-years-in-style/index.html]
[beautyring.info/2024/08/04/page/4/index.html]
[beautyring.info/2024/08/05/page/2/index.html]
[beautyring.info/fashion/haute-couture-the-mind-vaccine-rvdk-wardrobe-14/index.html]
[beautyring.info/books/global-video-streaming-market-poised-to-reach-usd-1277-4-million-by-2034-fueled-by-mobile-usage-and-ott-platforms/index.html]
[beautyring.info/fashion/lululemon-partners-with-nedap-to-advance-rfid-technology-across-stores-globally/index.html]
[beautyring.info/movies/hollyshorts-seattle-film-summit-and-women-in-cloud-join-forces-for-1b-tech-in-film-initiative/index.html]
[beautyring.info/category/fashion/page/2/index5995.html]
[beautyring.info/beauty/lipedema-and-me-launches-new-platform-to-help-women-find-top-surgeons-worldwide/index.html]
[beautyring.info/books/world-peace-possible-by-2065-with-elon-musks-help-says-author/index.html]
[beautyring.info/category/fashion/page/3/index5995.html]
[beautyring.info/movies/age-of-secrets-book-exposes-reason-for-watergate-on-sale-this-week-for-50th-anniversary-of-richard-nixon-resignation/index.html]
[beautyring.info/category/fashion/page/83/index5995.html]
[beautyring.info/beauty/up-to-70-off-sale-celebrating-zeelool-7th-anniversary/index.html]
[beautyring.info/category/movies/page/2/index6fdd.html]
[beautyring.info/beauty/los-angeles-cosmetic-dentist-launches-summer-dental-office-promotion-personal-dental-office/index.html]
[beautyring.info/movies/kevin-costners-horizon-an-american-saga-2-is-defying-doubt-and-embracing-the-theater-experience/index.html]
[beautyring.info/category/movies/page/3/index6fdd.html]
[beautyring.info/books/automotive-headrest-market-to-reach-18-4-billion-globally-by-2032-at-5-9-cagr-allied-market-research/index.html]
[beautyring.info/category/movies/page/479/index6fdd.html]
[beautyring.info/2024/08/05/page/3/index.html]
[beautyring.info/movies/fx-to-transport-fans-into-immersive-show-worlds-between-day-and-night-at-san-diego-comic-con-2023/index.html]
[beautyring.info/2024/08/06/page/2/index.html]
[beautyring.info/2024/08/05/page/4/index.html]
[beautyring.info/movies/indignor-house-publishing-is-proud-to-announce-our-annual-writing-competition-for-students-up-through-high-school/index.html]
[beautyring.info/books/pet-beverage-packaging-market-to-reach-47-8-billion-globally-by-2032-at-4-8-cagr-allied-market-research/index.html]
[beautyring.info/movies/napoleon-dynamite-reunion-and-online-watchalong-screening-with-jon-heder-and-efren-ramirez/index.html]
[beautyring.info/movies/rockumentary-witness-underground-faith-loss-rock-n-roll-tubi-tv/index.html]
[beautyring.info/movies/an-exclusive-interview-with-diego-boneta-on-gossip-stone-tv/index.html]
[beautyring.info/beauty/prestosmile-teams-up-with-dental-practice-solutions-to-revolutionize-hygiene-profitability-in-dentistry/index.html]
[beautyring.info/books/dr-carol-dewalt-achieves-best-seller-status-with-against-all-odds-co-authored-with-lisa-nichols/index.html]
[beautyring.info/movies/heistheartist-takes-a-cinematic-approach-on-dreaming-in-emerald-city-ep/index.html]
[beautyring.info/2024/08/06/page/3/index.html]
[beautyring.info/movies/womens-image-network-announces-honorees-nominees/index.html]
[beautyring.info/2024/08/06/page/4/index.html]
[beautyring.info/movies/country-music-artist-chris-chitsey-reaches-every-small-town-across-the-world/index.html]
[beautyring.info/2024/08/07/page/3/index.html]
[beautyring.info/2024/08/07/page/2/index.html]
[beautyring.info/movies/debbie-wingham-announcing-first-episode-on-gossip-stone-tv/index.html]
[beautyring.info/2024/08/07/page/4/index.html]
[beautyring.info/movies/entertainment-presario-lamont-renzo-bracy-talks-50th-anniversary-of-hip-hop-and-release-of-new-single-lost-4-tonight/index.html]
[beautyring.info/2024/07/page/2/index.html]
[beautyring.info/category/movies/page/2/index6ca3.html]
[beautyring.info/hotels/faro-blanco-resort-yacht-club-joins-curio-collection-by-hilton-and-unveils-14-million-transformation/index.html]
[beautyring.info/movies/tiny-transitions-invests-in-groundbreaking-short-film-the-hole-truth-focusing-on-maternal-health/index.html]
[beautyring.info/category/movies/page/3/index6ca3.html]
[beautyring.info/hotels/discover-affordable-adventures-in-hope-cascades-canyons-7-must-experience-activities-and-cozy-places-to-stay/index.html]
[beautyring.info/category/movies/page/11/index6ca3.html]
[beautyring.info/beauty/new-jersey-orthodontist-awarded-top-dentist-of-2024-honor/index.html]
[beautyring.info/movies/house-of-the-dragon-collectibles-announced-by-factory-entertainment/index.html]
[beautyring.info/books/reach-out-and-read-announces-plan-to-serve-10-million-children-by-2030/index.html]
[beautyring.info/hotels/summit-hotel-properties-reports-second-quarter-2024-results/index.html]
[beautyring.info/movies/former-senator-john-moorlach-co-hosts-new-oc-history-hunters-program/index.html]
[beautyring.info/movies/the-movie-hoop-street-filmed-in-memphis-with-the-help-of-memphis-shelby-county-film-commission-others/index.html]
[beautyring.info/movies/panavision-sponsors-city-of-angels-womens-film-festival-with-15k-camera-package-for-winning-filmmaker/index.html]
[beautyring.info/beauty/marmalade-luxury-fashion-boutique-styles-miss-idaho-usa/index.html]
[beautyring.info/movies/the-wingfeather-saga-season-2-set-to-release-april-5-2024/index.html]
[beautyring.info/books/new-coming-of-age-book-centers-on-childhood-trauma-through-a-lens-of-hope-and-love/index.html]
[beautyring.info/hotels/the-ultimate-wellness-destination-for-families-/index.html]
[beautyring.info/movies/the-megaro-rooms-from-outer-space/index.html]
[beautyring.info/movies/diane-peterson-renowned-stuntwoman-author-wins-best-of-los-angeles-award-best-beach-read-2023/index.html]
[beautyring.info/movies/summer-reading-fiction-book-learning-to-swim-contains-laughs-for-the-sandwich-generation/index.html]
[beautyring.info/movies/global-womens-empowerment-network-gwen-global/index.html]
[beautyring.info/movies/women-of-watts-and-beyond-joins-bet-awards-weekend-events-lineup-with-its-20th-annual-stop-the-violence-march/index.html]
[beautyring.info/movies/e-uscito-lalbum-superliminale-di-gianluca-testa/index.html]
[beautyring.info/category/movies/page/2/index5995.html]
[beautyring.info/category/movies/page/3/index5995.html]
[beautyring.info/category/movies/page/479/index5995.html]
[beautyring.info/category/books/page/2/index6fdd.html]
[beautyring.info/category/books/page/3/index6fdd.html]
[beautyring.info/category/books/page/526/index6fdd.html]
[beautyring.info/books/stanislav-kondrashov-has-released-an-article-titled-culinary-treasures-of-the-amazon-rainforest/index.html]
[beautyring.info/books/board-game-that-challenges-outdated-concepts-transmitted-by-monopoly/index.html]
[beautyring.info/books/announcing-the-launch-of-the-indiegogo-campaign-for-mastering-the-art-of-cocktails/index.html]
[beautyring.info/books/2023-los-angeles-festival-of-books-presents-the-interrupted-traveler-by-a-d-plautz/index.html]
[beautyring.info/books/this-book-is-creating-a-buzz-and-sparking-intense-discussions/index.html]
[beautyring.info/books/baby-sleepwear-market-to-reach-60-5-billion-globally-by-2032-at-4-6-cagr-allied-market-research/index.html]
[beautyring.info/books/enteric-softgel-capsules-market-to-reach-3-5-billion-globally-by-2032/index.html]
[beautyring.info/books/paul-wennersberg-lovholen-unleashes-hilarious-new-childrens-chapter-book-zombies-ate-my-homework/index.html]
[beautyring.info/books/telf-ag-published-a-report-analyzing-the-challenges-and-price-trends-in-chinas-manganese-ore-market/index.html]
[beautyring.info/category/books/page/2/index6ca3.html]
[beautyring.info/category/books/page/3/index6ca3.html]
[beautyring.info/category/books/page/10/index6ca3.html]
[beautyring.info/books/best-selling-author-brian-leslie-releases-newest-action-thriller-novel-spy-story/index.html]
[beautyring.info/books/bitter-or-better-by-melisa-schonfield/index.html]
[beautyring.info/books/author-deb-carverowens-has-launched-kickstarter-project-to-create-audiobooks/index.html]
[beautyring.info/books/how-to-work-smarter-not-harder-with-artificial-intelligence/index.html]
[beautyring.info/books/bethany-jones-announces-her-virtues-of-love-collection-with-once-upon-a-heartache-and-her-upcoming-new-book-release/index.html]
[beautyring.info/books/a-new-choice-for-urban-travel-a-balanced-blend-of-technology-and-convenience/index.html]
[beautyring.info/books/matt-snyder-attains-amazon-best-seller-status-with-empathy-and-understanding-in-business-co-authored-with-chris-voss/index.html]
[beautyring.info/books/the-untold-story-of-bernie-madoffs-life-and-crimes-featured-on-this-weeks-monday-morning-radio-business-podcast/index.html]
[beautyring.info/books/leading-the-way-as-philippines-govt-fulfils-all-nmc-gazette-criteria/index.html]
[beautyring.info/books/pittsburgh-author-and-florida-singer-songwriter-team-up-to-celebrate-jimmy-buffetts-legacy-with-book-and-album-release/index.html]
[beautyring.info/category/books/page/2/index5995.html]
[beautyring.info/category/books/page/3/index5995.html]
[beautyring.info/category/books/page/526/index5995.html]
[beautyring.info/category/hotels/page/2/index6fdd.html]
[beautyring.info/category/hotels/page/3/index6fdd.html]
[beautyring.info/category/hotels/page/280/index6fdd.html]
[beautyring.info/hotels/blue-water-assumes-management-of-moon-river-ranch-tx/index.html]
[beautyring.info/hotels/pints-plays-and-points-marriott-bonvoy-and-marr/index.html]
[beautyring.info/hotels/margaritaville-beach-resort-ambergris-caye-belize-hosts-grand-opening-ceremony/index.html]
[beautyring.info/hotels/strategic-solution-partners-expands-its-consulting-team-to-add-new-skill-sets/index.html]
[beautyring.info/hotels/whimstay-the-leading-last-minute-vacation-rental-marketplace-raises-10-million-in-equity/index.html]
[beautyring.info/hotels/bnbfinder-expands-the-book-direct-experience-to-escapia-vacation-rental-property-managers/index.html]
[beautyring.info/hotels/father-files-lawsuit-against-moody-gardens-over-sons-death/index.html]
[beautyring.info/hotels/hotels-cleveland-among-priciest-cities-in-the-u-s-for-hotel-stays/index.html]
[beautyring.info/hotels/commonwealth-hotels-appoints-joe-cargo-as-general-manager-of-the-aloft-knoxville-west/index.html]
[beautyring.info/category/hotels/page/2/index6ca3.html]
[beautyring.info/category/hotels/page/3/index6ca3.html]
[beautyring.info/category/hotels/page/7/index6ca3.html]
[beautyring.info/hotels/evermore-orlando-resort-releases-first-look-exclusive-images-and-announces-official-opening-date-monday-january-1-2024/index.html]
[beautyring.info/hotels/embark-on-a-first-of-its-kind-luxury-journey-to-the-arctic-this-summer/index.html]
[beautyring.info/hotels/marriott-bonvoy-expands-with-integration-of-city-express-by-marriott/index.html]
[beautyring.info/hotels/extended-stay-america-announces-new-promotion-for-national-moving-month/index.html]
[beautyring.info/hotels/fairfield-inn-suites-charlotte-university-research-park-welcomes-summer-travelers/index.html]
[beautyring.info/hotels/ultimate-jet-vacations-appoints-david-solis-as-head-of-business-development/index.html]
[beautyring.info/hotels/ihg-one-rewards-mobile-app-redefining-travel-through-technology/index.html]
[beautyring.info/hotels/roomza-announces-opening-of-roomza-new-orleans-at-melrose-mansion/index.html]
[beautyring.info/hotels/royal-commission-for-alula-grows-its-portfolio-of-hospitality-offerings-with-plans-for-azulik-alula-a-new-eco-luxury-resort/index.html]
[beautyring.info/category/hotels/page/2/index5995.html]
[beautyring.info/category/hotels/page/3/index5995.html]
[beautyring.info/category/hotels/page/280/index5995.html]
[beautyring.info/2024/08/01/page/2/index.html]
[beautyring.info/2024/index.html]
[beautyring.info/2024/07/page/3/index.html]
[beautyring.info/2024/08/index.html]
[beautyring.info/2024/07/page/95/index.html]
[beautyring.info/movies/miss-usa-and-miss-teen-usa-announce-hosts-and-judge-lineup-ahead-of-2024-pageants-as-they-return-to-los-angeles/index.html]
[beautyring.info/2024/page/3/index.html]
[beautyring.info/hotels/sabre-hospitality-extends-long-term-relationship-with-wyndham-hotels-resorts/index.html]
[beautyring.info/2024/page/2/index.html]
[beautyring.info/2024/page/801/index.html]
[beautyring.info/beauty/rohrer-aesthetics-launches-new-clinical-training-webinar-series/index.html]
[beautyring.info/hotels/allegiant-announces-strategic-review-of-sunseeker-resort/index.html]
[beautyring.info/movies/suntone-records-elevates-americana-music-with-kiley-barwick-and-downtown-nowhere/index.html]
[beautyring.info/hotels/the-cosmopolitan-of-las-vegas-now-integrated-into-mgm-rewards-loyalty-program/index.html]
[beautyring.info/beauty/serenite-wellness-medicine-launches-cutting-edge-corporate-wellness-services/index.html]
[beautyring.info/books/medical-device-analytical-testing-outsourcing-m/index.html]
[beautyring.info/hotels/alyeska-resort-in-travel-leisures-worlds-best-awards-15-favorite-resorts-in-the-west-of-2024/index.html]
[beautyring.info/movies/lingerie-fighting-championships-help-fulfill-death-bed-promise-with-first-major-motion-picture/index.html]
[beautyring.info/2024/08/01/page/3/index.html]
[beautyring.info/2024/08/01/page/5/index.html]
[beautyring.info/2024/08/02/page/2/index.html]
[beautyring.info/hotels/sp-global-ranks-sands-china-in-top-1-for-esg-performanceusa-englishapac-englishapac-traditional-chinese/index.html]
[beautyring.info/beauty/unlock-amazon-sales-with-ai-driven-brand-awareness-strategies-for-success/index.html]
[beautyring.info/movies/freestyle-digital-media-releases-irish-dark-comedy-the-highest-brasil/index.html]
[beautyring.info/books/introducing-samsons-shadow-by-ernest-w-cockrell/index.html]
[beautyring.info/movies/beta-media-and-aeon-entertainment-sign-a-joint-venture-investing-more-than-200-million-usd-in-vietnams-cinema-market/index.html]
[beautyring.info/beauty/thomas-family-essentials-llc-unveils-trendy-new-female-fashion-line/index.html]
[beautyring.info/books/introducing-a-masterpiece-of-self-discovery/index.html]
[beautyring.info/movies/award-winning-author-sets-multi-state-book-tour/index.html]
[beautyring.info/beauty/pathformance-announces-amazon-measurement-and-analytics/index.html]
[beautyring.info/books/the-reverend-ernest-w-cockrell-unleashes-a-profound/index.html]
[beautyring.info/2024/08/02/page/3/index.html]
[beautyring.info/2024/08/02/page/5/index.html]
[beautyring.info/2024/08/03/page/2/index.html]
[beautyring.info/beauty/how-to-change-up-skin-care-routines-this-fall-depending-on-various-skin-types/index.html]
[beautyring.info/books/payroll-card-market-to-reach-981-4-billion-globally-by-2032-at-17-9-cagr-allied-market-research/index.html]
[beautyring.info/movies/top-mobile-app-development-companies-in-usa/index.html]
[beautyring.info/beauty/ein-pionier-der-naturkosmetik-rein-echt-naturlich-mehr-braucht-es-nicht/index.html]
[beautyring.info/books/underground-electric-construction-equipment-market-to-reach-16-3-billion-globally-by-2032-at-15-3-cagr-allied-market-research/index.html]
[beautyring.info/movies/props-costumes-from-80s-90s-cinema-classics-to-be-sold-as-part-of-los-angeles-memorabilia-auction-next-month/index.html]
[beautyring.info/beauty/phountain-phresh-water-filtration-system-introduces-groundbreaking-whole-home-water-filter-to-improve-water-quality/index.html]
[beautyring.info/books/green-fertilizer-market-is-anticipated-to-rise-at-4-5-cagr-during-forecast-period-by-2034/index.html]
[beautyring.info/movies/triple-g-ventures-partners-with-musio-and-cinesamples-to-transform-music-creation/index.html]
[beautyring.info/beauty/omni-biotic-us-introduces-omni-biotic-power-a-new-performance-probiotic/index.html]
[beautyring.info/2024/08/03/page/3/index.html]
[beautyring.info/2024/08/03/page/4/index.html]
[beautyring.info/2024/08/04/page/2/index.html]
[beautyring.info/beauty/from-start-up-to-shaving-empire-eric-malkas-new-business-memoir-reveals-all/index.html]
[beautyring.info/books/what-a-finish-what-a-start-unveiling-the-true-last-days-of-christ/index.html]
[beautyring.info/movies/dont-let-it-drag-you-down/index.html]
[beautyring.info/beauty/texasprepaidlights-com-reliable-and-affordable-prepaid-electricity-solutions-in-texas/index.html]
[beautyring.info/books/tempted-by-love-a-may-december-romance-with-garcelle-beauvais-in-select-theaters-august-9/index.html]
[beautyring.info/movies/south-shores-detox-expands-accredited-addiction-treatment-services-in-orange-county/index.html]
[beautyring.info/beauty/crixeo-pizza-empowers-independent-pizzerias-to-dominate-local-markets-and-crush-the-competition/index.html]
[beautyring.info/movies/music-director-s-j-jananiy-lends-her-talents-to-new-international-feature-film-rail/index.html]
[beautyring.info/beauty/orthodontist-in-allentown-exeter-smiles-enhances-orthodontic-care-with-ai-technology/index.html]
[beautyring.info/books/dr-ali-r-rahimi-explores-democracy-and-justice-in-new-books/index.html]
[beautyring.info/2024/08/04/page/3/index.html]
[beautyring.info/2024/08/04/page/4/index.html]
[beautyring.info/2024/08/05/page/2/index.html]
[beautyring.info/books/global-video-streaming-market-poised-to-reach-usd-1277-4-million-by-2034-fueled-by-mobile-usage-and-ott-platforms/index.html]
[beautyring.info/movies/hollyshorts-seattle-film-summit-and-women-in-cloud-join-forces-for-1b-tech-in-film-initiative/index.html]
[beautyring.info/beauty/lipedema-and-me-launches-new-platform-to-help-women-find-top-surgeons-worldwide/index.html]
[beautyring.info/books/world-peace-possible-by-2065-with-elon-musks-help-says-author/index.html]
[beautyring.info/movies/age-of-secrets-book-exposes-reason-for-watergate-on-sale-this-week-for-50th-anniversary-of-richard-nixon-resignation/index.html]
[beautyring.info/beauty/up-to-70-off-sale-celebrating-zeelool-7th-anniversary/index.html]
[beautyring.info/movies/kevin-costners-horizon-an-american-saga-2-is-defying-doubt-and-embracing-the-theater-experience/index.html]
[beautyring.info/beauty/los-angeles-cosmetic-dentist-launches-summer-dental-office-promotion-personal-dental-office/index.html]
[beautyring.info/books/automotive-headrest-market-to-reach-18-4-billion-globally-by-2032-at-5-9-cagr-allied-market-research/index.html]
[beautyring.info/2024/08/05/page/3/index.html]
[beautyring.info/2024/08/05/page/4/index.html]
[beautyring.info/2024/08/06/page/2/index.html]
[beautyring.info/books/pet-beverage-packaging-market-to-reach-47-8-billion-globally-by-2032-at-4-8-cagr-allied-market-research/index.html]
[beautyring.info/movies/rockumentary-witness-underground-faith-loss-rock-n-roll-tubi-tv/index.html]
[beautyring.info/beauty/prestosmile-teams-up-with-dental-practice-solutions-to-revolutionize-hygiene-profitability-in-dentistry/index.html]
[beautyring.info/books/dr-carol-dewalt-achieves-best-seller-status-with-against-all-odds-co-authored-with-lisa-nichols/index.html]
[beautyring.info/2024/08/06/page/3/index.html]
[beautyring.info/2024/08/06/page/4/index.html]
[beautyring.info/2024/08/07/page/2/index.html]
[beautyring.info/2024/08/07/page/3/index.html]
[beautyring.info/2024/08/07/page/4/index.html]
[beautyring.info/2024/07/page/2/index.html]
[beautyring.info/hotels/faro-blanco-resort-yacht-club-joins-curio-collection-by-hilton-and-unveils-14-million-transformation/index.html]
[beautyring.info/movies/tiny-transitions-invests-in-groundbreaking-short-film-the-hole-truth-focusing-on-maternal-health/index.html]
[beautyring.info/hotels/discover-affordable-adventures-in-hope-cascades-canyons-7-must-experience-activities-and-cozy-places-to-stay/index.html]
[beautyring.info/beauty/new-jersey-orthodontist-awarded-top-dentist-of-2024-honor/index.html]
[beautyring.info/books/reach-out-and-read-announces-plan-to-serve-10-million-children-by-2030/index.html]
[beautyring.info/hotels/summit-hotel-properties-reports-second-quarter-2024-results/index.html]
[beautyring.info/movies/the-movie-hoop-street-filmed-in-memphis-with-the-help-of-memphis-shelby-county-film-commission-others/index.html]
[beautyring.info/beauty/marmalade-luxury-fashion-boutique-styles-miss-idaho-usa/index.html]
[beautyring.info/books/new-coming-of-age-book-centers-on-childhood-trauma-through-a-lens-of-hope-and-love/index.html]
[beautyring.info/hotels/the-ultimate-wellness-destination-for-families-/index.html]
[beautyring.info/2024/07/page/3/index.html]
[beautyring.info/2024/07/page/95/index.html]
[beautyring.info/2024/page/2/index.html]
[beautyring.info/2024/page/3/index.html]
[beautyring.info/2024/page/801/index.html]
[beautyring.info/2024/08/page/2/index.html]
[beautyring.info/2024/08/page/2/index.html]
[beautyring.info/2024/08/page/3/index.html]
[beautyring.info/2024/08/page/3/index.html]
[beautyring.info/2024/08/page/26/index.html]
[beautyring.info/2024/08/page/26/index.html]
